<html>
<body>
<pre>
<h1>µVision Build Log</h1>
<h2>Project:</h2>
C:\Users\walby\Desktop\To Do\Embedded\UART5\UART5.uvproj
Project File Date:  02/06/2018

<h2>Output:</h2>
Build target 'Target 1'
linking...
Program Size: Code=748 RO-data=636 RW-data=0 ZI-data=608  
".\UART5.axf" - 0 Error(s), 0 Warning(s).
Load "C:\\Users\\walby\\Desktop\\To Do\\Embedded\\UART5\\UART5.axf" 
Connecting: Mode=JTAG, Speed=1000000Hz
Erase Done.
Programming Done.
Verify OK.
</pre>
</body>
</html>
